// Jest Snapshot v1, https://goo.gl/fbAQLP

exports[`addWordSaga Saga addWordsWatcher Saga should start task to watch for LOAD_REPOS action 1`] = `
Object {
  "@@redux-saga/IO": true,
  "combinator": false,
  "payload": Object {
    "args": Array [],
    "selector": [Function],
  },
  "type": "SELECT",
}
`;

exports[`addWordSaga Saga addWordsWatcher Saga should start task to watch for LOAD_REPOS action 2`] = `
Object {
  "@@redux-saga/IO": true,
  "combinator": false,
  "payload": Object {
    "args": Array [
      "http://localhost:3001",
      Object {
        "body": "{}",
        "headers": Object {
          "Accept": "application/json",
          "Content-Type": "application/json",
        },
        "method": "POST",
      },
    ],
    "context": null,
    "fn": [Function],
  },
  "type": "CALL",
}
`;

exports[`addWordSaga Saga should call the repoLoadingError action if the response errors 1`] = `
Object {
  "@@redux-saga/IO": true,
  "combinator": false,
  "payload": Object {
    "args": Array [],
    "selector": [Function],
  },
  "type": "SELECT",
}
`;

exports[`addWordSaga Saga should call the repoLoadingError action if the response errors 2`] = `
Object {
  "@@redux-saga/IO": true,
  "combinator": false,
  "payload": Object {
    "args": Array [
      "http://localhost:3001",
      Object {
        "body": "{}",
        "headers": Object {
          "Accept": "application/json",
          "Content-Type": "application/json",
        },
        "method": "POST",
      },
    ],
    "context": null,
    "fn": [Function],
  },
  "type": "CALL",
}
`;

exports[`addWordSaga Saga should dispatch the addWord action if it requests the data successfully 1`] = `
Object {
  "@@redux-saga/IO": true,
  "combinator": false,
  "payload": Object {
    "args": Array [],
    "selector": [Function],
  },
  "type": "SELECT",
}
`;

exports[`addWordSaga Saga should dispatch the addWord action if it requests the data successfully 2`] = `
Object {
  "@@redux-saga/IO": true,
  "combinator": false,
  "payload": Object {
    "args": Array [
      "http://localhost:3001",
      Object {
        "body": "{}",
        "headers": Object {
          "Accept": "application/json",
          "Content-Type": "application/json",
        },
        "method": "POST",
      },
    ],
    "context": null,
    "fn": [Function],
  },
  "type": "CALL",
}
`;
